

================================================================
== Vitis HLS Report for 'merge_sort_iterative_2_Pipeline_output'
================================================================
* Date:           Sat Jun  8 17:58:11 2024

* Version:        2023.2 (Build 4023990 on Oct 11 2023)
* Project:        merge_sort_double
* Solution:       hls (Vivado IP Flow Target)
* Product family: zynq
* Target device:  xc7z020-clg400-1


================================================================
== Performance Estimates
================================================================
+ Timing: 
    * Summary: 
    +--------+----------+----------+------------+
    |  Clock |  Target  | Estimated| Uncertainty|
    +--------+----------+----------+------------+
    |ap_clk  |  10.00 ns|  6.935 ns|     2.70 ns|
    +--------+----------+----------+------------+

+ Latency: 
    * Summary: 
    +---------+---------+----------+----------+-----+-----+---------+
    |  Latency (cycles) |  Latency (absolute) |  Interval | Pipeline|
    |   min   |   max   |    min   |    max   | min | max |   Type  |
    +---------+---------+----------+----------+-----+-----+---------+
    |      514|      514|  5.140 us|  5.140 us|  514|  514|       no|
    +---------+---------+----------+----------+-----+-----+---------+

    + Detail: 
        * Instance: 
        N/A

        * Loop: 
        +----------+---------+---------+----------+-----------+-----------+------+----------+
        |          |  Latency (cycles) | Iteration|  Initiation Interval  | Trip |          |
        | Loop Name|   min   |   max   |  Latency |  achieved |   target  | Count| Pipelined|
        +----------+---------+---------+----------+-----------+-----------+------+----------+
        |- output  |      512|      512|         2|          1|          1|   512|       yes|
        +----------+---------+---------+----------+-----------+-----------+------+----------+



================================================================
== Utilization Estimates
================================================================
* Summary: 
+-----------------+---------+-----+--------+-------+-----+
|       Name      | BRAM_18K| DSP |   FF   |  LUT  | URAM|
+-----------------+---------+-----+--------+-------+-----+
|DSP              |        -|    -|       -|      -|    -|
|Expression       |        -|    -|       0|     29|    -|
|FIFO             |        -|    -|       -|      -|    -|
|Instance         |        -|    -|       0|   2693|    -|
|Memory           |        -|    -|       -|      -|    -|
|Multiplexer      |        -|    -|       -|     45|    -|
|Register         |        -|    -|      21|      -|    -|
+-----------------+---------+-----+--------+-------+-----+
|Total            |        0|    0|      21|   2767|    0|
+-----------------+---------+-----+--------+-------+-----+
|Available        |      280|  220|  106400|  53200|    0|
+-----------------+---------+-----+--------+-------+-----+
|Utilization (%)  |        0|    0|      ~0|      5|    0|
+-----------------+---------+-----+--------+-------+-----+

+ Detail: 
    * Instance: 
    +------------------------------+------------------------+---------+----+---+------+-----+
    |           Instance           |         Module         | BRAM_18K| DSP| FF|  LUT | URAM|
    +------------------------------+------------------------+---------+----+---+------+-----+
    |sparsemux_1025_9_8_1_1_U5678  |sparsemux_1025_9_8_1_1  |        0|   0|  0|  2693|    0|
    +------------------------------+------------------------+---------+----+---+------+-----+
    |Total                         |                        |        0|   0|  0|  2693|    0|
    +------------------------------+------------------------+---------+----+---+------+-----+

    * DSP: 
    N/A

    * Memory: 
    N/A

    * FIFO: 
    N/A

    * Expression: 
    +---------------------------+----------+----+---+----+------------+------------+
    |       Variable Name       | Operation| DSP| FF| LUT| Bitwidth P0| Bitwidth P1|
    +---------------------------+----------+----+---+----+------------+------------+
    |add_ln100_fu_5183_p2       |         +|   0|  0|  13|          10|           1|
    |ap_block_pp0_stage0_01001  |       and|   0|  0|   2|           1|           1|
    |icmp_ln100_fu_5177_p2      |      icmp|   0|  0|  12|          10|          11|
    |ap_enable_pp0              |       xor|   0|  0|   2|           1|           2|
    +---------------------------+----------+----+---+----+------------+------------+
    |Total                      |          |   0|  0|  29|          22|          15|
    +---------------------------+----------+----+---+----+------------+------------+

    * Multiplexer: 
    +-------------------------+----+-----------+-----+-----------+
    |           Name          | LUT| Input Size| Bits| Total Bits|
    +-------------------------+----+-----------+-----+-----------+
    |ap_done_int              |   9|          2|    1|          2|
    |ap_enable_reg_pp0_iter1  |   9|          2|    1|          2|
    |ap_sig_allocacmp_i       |   9|          2|   10|         20|
    |i_5_fu_2086              |   9|          2|   10|         20|
    |tmp_right_blk_n          |   9|          2|    1|          2|
    +-------------------------+----+-----------+-----+-----------+
    |Total                    |  45|         10|   23|         46|
    +-------------------------+----+-----------+-----+-----------+

    * Register: 
    +-------------------------+----+----+-----+-----------+
    |           Name          | FF | LUT| Bits| Const Bits|
    +-------------------------+----+----+-----+-----------+
    |ap_CS_fsm                |   1|   0|    1|          0|
    |ap_done_reg              |   1|   0|    1|          0|
    |ap_enable_reg_pp0_iter1  |   1|   0|    1|          0|
    |i_5_fu_2086              |  10|   0|   10|          0|
    |p_0_reg_7264             |   8|   0|    8|          0|
    +-------------------------+----+----+-----+-----------+
    |Total                    |  21|   0|   21|          0|
    +-------------------------+----+----+-----+-----------+



================================================================
== Interface
================================================================
* Summary: 
+--------------------------+-----+-----+------------+----------------------------------------+--------------+
|         RTL Ports        | Dir | Bits|  Protocol  |              Source Object             |    C Type    |
+--------------------------+-----+-----+------------+----------------------------------------+--------------+
|ap_clk                    |   in|    1|  ap_ctrl_hs|  merge_sort_iterative.2_Pipeline_output|  return value|
|ap_rst                    |   in|    1|  ap_ctrl_hs|  merge_sort_iterative.2_Pipeline_output|  return value|
|ap_start                  |   in|    1|  ap_ctrl_hs|  merge_sort_iterative.2_Pipeline_output|  return value|
|ap_done                   |  out|    1|  ap_ctrl_hs|  merge_sort_iterative.2_Pipeline_output|  return value|
|ap_idle                   |  out|    1|  ap_ctrl_hs|  merge_sort_iterative.2_Pipeline_output|  return value|
|ap_ready                  |  out|    1|  ap_ctrl_hs|  merge_sort_iterative.2_Pipeline_output|  return value|
|tmp_right_din             |  out|    8|     ap_fifo|                               tmp_right|       pointer|
|tmp_right_num_data_valid  |   in|    3|     ap_fifo|                               tmp_right|       pointer|
|tmp_right_fifo_cap        |   in|    3|     ap_fifo|                               tmp_right|       pointer|
|tmp_right_full_n          |   in|    1|     ap_fifo|                               tmp_right|       pointer|
|tmp_right_write           |  out|    1|     ap_fifo|                               tmp_right|       pointer|
|buffer_513                |   in|    8|     ap_none|                              buffer_513|        scalar|
|buffer_514                |   in|    8|     ap_none|                              buffer_514|        scalar|
|buffer_515                |   in|    8|     ap_none|                              buffer_515|        scalar|
|buffer_516                |   in|    8|     ap_none|                              buffer_516|        scalar|
|buffer_517                |   in|    8|     ap_none|                              buffer_517|        scalar|
|buffer_518                |   in|    8|     ap_none|                              buffer_518|        scalar|
|buffer_519                |   in|    8|     ap_none|                              buffer_519|        scalar|
|buffer_520                |   in|    8|     ap_none|                              buffer_520|        scalar|
|buffer_521                |   in|    8|     ap_none|                              buffer_521|        scalar|
|buffer_522                |   in|    8|     ap_none|                              buffer_522|        scalar|
|buffer_523                |   in|    8|     ap_none|                              buffer_523|        scalar|
|buffer_524                |   in|    8|     ap_none|                              buffer_524|        scalar|
|buffer_525                |   in|    8|     ap_none|                              buffer_525|        scalar|
|buffer_526                |   in|    8|     ap_none|                              buffer_526|        scalar|
|buffer_527                |   in|    8|     ap_none|                              buffer_527|        scalar|
|buffer_528                |   in|    8|     ap_none|                              buffer_528|        scalar|
|buffer_529                |   in|    8|     ap_none|                              buffer_529|        scalar|
|buffer_530                |   in|    8|     ap_none|                              buffer_530|        scalar|
|buffer_531                |   in|    8|     ap_none|                              buffer_531|        scalar|
|buffer_532                |   in|    8|     ap_none|                              buffer_532|        scalar|
|buffer_533                |   in|    8|     ap_none|                              buffer_533|        scalar|
|buffer_534                |   in|    8|     ap_none|                              buffer_534|        scalar|
|buffer_535                |   in|    8|     ap_none|                              buffer_535|        scalar|
|buffer_536                |   in|    8|     ap_none|                              buffer_536|        scalar|
|buffer_537                |   in|    8|     ap_none|                              buffer_537|        scalar|
|buffer_538                |   in|    8|     ap_none|                              buffer_538|        scalar|
|buffer_539                |   in|    8|     ap_none|                              buffer_539|        scalar|
|buffer_540                |   in|    8|     ap_none|                              buffer_540|        scalar|
|buffer_541                |   in|    8|     ap_none|                              buffer_541|        scalar|
|buffer_542                |   in|    8|     ap_none|                              buffer_542|        scalar|
|buffer_543                |   in|    8|     ap_none|                              buffer_543|        scalar|
|buffer_544                |   in|    8|     ap_none|                              buffer_544|        scalar|
|buffer_545                |   in|    8|     ap_none|                              buffer_545|        scalar|
|buffer_546                |   in|    8|     ap_none|                              buffer_546|        scalar|
|buffer_547                |   in|    8|     ap_none|                              buffer_547|        scalar|
|buffer_548                |   in|    8|     ap_none|                              buffer_548|        scalar|
|buffer_549                |   in|    8|     ap_none|                              buffer_549|        scalar|
|buffer_550                |   in|    8|     ap_none|                              buffer_550|        scalar|
|buffer_551                |   in|    8|     ap_none|                              buffer_551|        scalar|
|buffer_552                |   in|    8|     ap_none|                              buffer_552|        scalar|
|buffer_553                |   in|    8|     ap_none|                              buffer_553|        scalar|
|buffer_554                |   in|    8|     ap_none|                              buffer_554|        scalar|
|buffer_555                |   in|    8|     ap_none|                              buffer_555|        scalar|
|buffer_556                |   in|    8|     ap_none|                              buffer_556|        scalar|
|buffer_557                |   in|    8|     ap_none|                              buffer_557|        scalar|
|buffer_558                |   in|    8|     ap_none|                              buffer_558|        scalar|
|buffer_559                |   in|    8|     ap_none|                              buffer_559|        scalar|
|buffer_560                |   in|    8|     ap_none|                              buffer_560|        scalar|
|buffer_561                |   in|    8|     ap_none|                              buffer_561|        scalar|
|buffer_562                |   in|    8|     ap_none|                              buffer_562|        scalar|
|buffer_563                |   in|    8|     ap_none|                              buffer_563|        scalar|
|buffer_564                |   in|    8|     ap_none|                              buffer_564|        scalar|
|buffer_565                |   in|    8|     ap_none|                              buffer_565|        scalar|
|buffer_566                |   in|    8|     ap_none|                              buffer_566|        scalar|
|buffer_567                |   in|    8|     ap_none|                              buffer_567|        scalar|
|buffer_568                |   in|    8|     ap_none|                              buffer_568|        scalar|
|buffer_569                |   in|    8|     ap_none|                              buffer_569|        scalar|
|buffer_570                |   in|    8|     ap_none|                              buffer_570|        scalar|
|buffer_571                |   in|    8|     ap_none|                              buffer_571|        scalar|
|buffer_572                |   in|    8|     ap_none|                              buffer_572|        scalar|
|buffer_573                |   in|    8|     ap_none|                              buffer_573|        scalar|
|buffer_574                |   in|    8|     ap_none|                              buffer_574|        scalar|
|buffer_575                |   in|    8|     ap_none|                              buffer_575|        scalar|
|buffer_576                |   in|    8|     ap_none|                              buffer_576|        scalar|
|buffer_577                |   in|    8|     ap_none|                              buffer_577|        scalar|
|buffer_578                |   in|    8|     ap_none|                              buffer_578|        scalar|
|buffer_579                |   in|    8|     ap_none|                              buffer_579|        scalar|
|buffer_580                |   in|    8|     ap_none|                              buffer_580|        scalar|
|buffer_581                |   in|    8|     ap_none|                              buffer_581|        scalar|
|buffer_582                |   in|    8|     ap_none|                              buffer_582|        scalar|
|buffer_583                |   in|    8|     ap_none|                              buffer_583|        scalar|
|buffer_584                |   in|    8|     ap_none|                              buffer_584|        scalar|
|buffer_585                |   in|    8|     ap_none|                              buffer_585|        scalar|
|buffer_586                |   in|    8|     ap_none|                              buffer_586|        scalar|
|buffer_587                |   in|    8|     ap_none|                              buffer_587|        scalar|
|buffer_588                |   in|    8|     ap_none|                              buffer_588|        scalar|
|buffer_589                |   in|    8|     ap_none|                              buffer_589|        scalar|
|buffer_590                |   in|    8|     ap_none|                              buffer_590|        scalar|
|buffer_591                |   in|    8|     ap_none|                              buffer_591|        scalar|
|buffer_592                |   in|    8|     ap_none|                              buffer_592|        scalar|
|buffer_593                |   in|    8|     ap_none|                              buffer_593|        scalar|
|buffer_594                |   in|    8|     ap_none|                              buffer_594|        scalar|
|buffer_595                |   in|    8|     ap_none|                              buffer_595|        scalar|
|buffer_596                |   in|    8|     ap_none|                              buffer_596|        scalar|
|buffer_597                |   in|    8|     ap_none|                              buffer_597|        scalar|
|buffer_598                |   in|    8|     ap_none|                              buffer_598|        scalar|
|buffer_599                |   in|    8|     ap_none|                              buffer_599|        scalar|
|buffer_600                |   in|    8|     ap_none|                              buffer_600|        scalar|
|buffer_601                |   in|    8|     ap_none|                              buffer_601|        scalar|
|buffer_602                |   in|    8|     ap_none|                              buffer_602|        scalar|
|buffer_603                |   in|    8|     ap_none|                              buffer_603|        scalar|
|buffer_604                |   in|    8|     ap_none|                              buffer_604|        scalar|
|buffer_605                |   in|    8|     ap_none|                              buffer_605|        scalar|
|buffer_606                |   in|    8|     ap_none|                              buffer_606|        scalar|
|buffer_607                |   in|    8|     ap_none|                              buffer_607|        scalar|
|buffer_608                |   in|    8|     ap_none|                              buffer_608|        scalar|
|buffer_609                |   in|    8|     ap_none|                              buffer_609|        scalar|
|buffer_610                |   in|    8|     ap_none|                              buffer_610|        scalar|
|buffer_611                |   in|    8|     ap_none|                              buffer_611|        scalar|
|buffer_612                |   in|    8|     ap_none|                              buffer_612|        scalar|
|buffer_613                |   in|    8|     ap_none|                              buffer_613|        scalar|
|buffer_614                |   in|    8|     ap_none|                              buffer_614|        scalar|
|buffer_615                |   in|    8|     ap_none|                              buffer_615|        scalar|
|buffer_616                |   in|    8|     ap_none|                              buffer_616|        scalar|
|buffer_617                |   in|    8|     ap_none|                              buffer_617|        scalar|
|buffer_618                |   in|    8|     ap_none|                              buffer_618|        scalar|
|buffer_619                |   in|    8|     ap_none|                              buffer_619|        scalar|
|buffer_620                |   in|    8|     ap_none|                              buffer_620|        scalar|
|buffer_621                |   in|    8|     ap_none|                              buffer_621|        scalar|
|buffer_622                |   in|    8|     ap_none|                              buffer_622|        scalar|
|buffer_623                |   in|    8|     ap_none|                              buffer_623|        scalar|
|buffer_624                |   in|    8|     ap_none|                              buffer_624|        scalar|
|buffer_625                |   in|    8|     ap_none|                              buffer_625|        scalar|
|buffer_626                |   in|    8|     ap_none|                              buffer_626|        scalar|
|buffer_627                |   in|    8|     ap_none|                              buffer_627|        scalar|
|buffer_628                |   in|    8|     ap_none|                              buffer_628|        scalar|
|buffer_629                |   in|    8|     ap_none|                              buffer_629|        scalar|
|buffer_630                |   in|    8|     ap_none|                              buffer_630|        scalar|
|buffer_631                |   in|    8|     ap_none|                              buffer_631|        scalar|
|buffer_632                |   in|    8|     ap_none|                              buffer_632|        scalar|
|buffer_633                |   in|    8|     ap_none|                              buffer_633|        scalar|
|buffer_634                |   in|    8|     ap_none|                              buffer_634|        scalar|
|buffer_635                |   in|    8|     ap_none|                              buffer_635|        scalar|
|buffer_636                |   in|    8|     ap_none|                              buffer_636|        scalar|
|buffer_637                |   in|    8|     ap_none|                              buffer_637|        scalar|
|buffer_638                |   in|    8|     ap_none|                              buffer_638|        scalar|
|buffer_639                |   in|    8|     ap_none|                              buffer_639|        scalar|
|buffer_640                |   in|    8|     ap_none|                              buffer_640|        scalar|
|buffer_641                |   in|    8|     ap_none|                              buffer_641|        scalar|
|buffer_642                |   in|    8|     ap_none|                              buffer_642|        scalar|
|buffer_643                |   in|    8|     ap_none|                              buffer_643|        scalar|
|buffer_644                |   in|    8|     ap_none|                              buffer_644|        scalar|
|buffer_645                |   in|    8|     ap_none|                              buffer_645|        scalar|
|buffer_646                |   in|    8|     ap_none|                              buffer_646|        scalar|
|buffer_647                |   in|    8|     ap_none|                              buffer_647|        scalar|
|buffer_648                |   in|    8|     ap_none|                              buffer_648|        scalar|
|buffer_649                |   in|    8|     ap_none|                              buffer_649|        scalar|
|buffer_650                |   in|    8|     ap_none|                              buffer_650|        scalar|
|buffer_651                |   in|    8|     ap_none|                              buffer_651|        scalar|
|buffer_652                |   in|    8|     ap_none|                              buffer_652|        scalar|
|buffer_653                |   in|    8|     ap_none|                              buffer_653|        scalar|
|buffer_654                |   in|    8|     ap_none|                              buffer_654|        scalar|
|buffer_655                |   in|    8|     ap_none|                              buffer_655|        scalar|
|buffer_656                |   in|    8|     ap_none|                              buffer_656|        scalar|
|buffer_657                |   in|    8|     ap_none|                              buffer_657|        scalar|
|buffer_658                |   in|    8|     ap_none|                              buffer_658|        scalar|
|buffer_659                |   in|    8|     ap_none|                              buffer_659|        scalar|
|buffer_660                |   in|    8|     ap_none|                              buffer_660|        scalar|
|buffer_661                |   in|    8|     ap_none|                              buffer_661|        scalar|
|buffer_662                |   in|    8|     ap_none|                              buffer_662|        scalar|
|buffer_663                |   in|    8|     ap_none|                              buffer_663|        scalar|
|buffer_664                |   in|    8|     ap_none|                              buffer_664|        scalar|
|buffer_665                |   in|    8|     ap_none|                              buffer_665|        scalar|
|buffer_666                |   in|    8|     ap_none|                              buffer_666|        scalar|
|buffer_667                |   in|    8|     ap_none|                              buffer_667|        scalar|
|buffer_668                |   in|    8|     ap_none|                              buffer_668|        scalar|
|buffer_669                |   in|    8|     ap_none|                              buffer_669|        scalar|
|buffer_670                |   in|    8|     ap_none|                              buffer_670|        scalar|
|buffer_671                |   in|    8|     ap_none|                              buffer_671|        scalar|
|buffer_672                |   in|    8|     ap_none|                              buffer_672|        scalar|
|buffer_673                |   in|    8|     ap_none|                              buffer_673|        scalar|
|buffer_674                |   in|    8|     ap_none|                              buffer_674|        scalar|
|buffer_675                |   in|    8|     ap_none|                              buffer_675|        scalar|
|buffer_676                |   in|    8|     ap_none|                              buffer_676|        scalar|
|buffer_677                |   in|    8|     ap_none|                              buffer_677|        scalar|
|buffer_678                |   in|    8|     ap_none|                              buffer_678|        scalar|
|buffer_679                |   in|    8|     ap_none|                              buffer_679|        scalar|
|buffer_680                |   in|    8|     ap_none|                              buffer_680|        scalar|
|buffer_681                |   in|    8|     ap_none|                              buffer_681|        scalar|
|buffer_682                |   in|    8|     ap_none|                              buffer_682|        scalar|
|buffer_683                |   in|    8|     ap_none|                              buffer_683|        scalar|
|buffer_684                |   in|    8|     ap_none|                              buffer_684|        scalar|
|buffer_685                |   in|    8|     ap_none|                              buffer_685|        scalar|
|buffer_686                |   in|    8|     ap_none|                              buffer_686|        scalar|
|buffer_687                |   in|    8|     ap_none|                              buffer_687|        scalar|
|buffer_688                |   in|    8|     ap_none|                              buffer_688|        scalar|
|buffer_689                |   in|    8|     ap_none|                              buffer_689|        scalar|
|buffer_690                |   in|    8|     ap_none|                              buffer_690|        scalar|
|buffer_691                |   in|    8|     ap_none|                              buffer_691|        scalar|
|buffer_692                |   in|    8|     ap_none|                              buffer_692|        scalar|
|buffer_693                |   in|    8|     ap_none|                              buffer_693|        scalar|
|buffer_694                |   in|    8|     ap_none|                              buffer_694|        scalar|
|buffer_695                |   in|    8|     ap_none|                              buffer_695|        scalar|
|buffer_696                |   in|    8|     ap_none|                              buffer_696|        scalar|
|buffer_697                |   in|    8|     ap_none|                              buffer_697|        scalar|
|buffer_698                |   in|    8|     ap_none|                              buffer_698|        scalar|
|buffer_699                |   in|    8|     ap_none|                              buffer_699|        scalar|
|buffer_700                |   in|    8|     ap_none|                              buffer_700|        scalar|
|buffer_701                |   in|    8|     ap_none|                              buffer_701|        scalar|
|buffer_702                |   in|    8|     ap_none|                              buffer_702|        scalar|
|buffer_703                |   in|    8|     ap_none|                              buffer_703|        scalar|
|buffer_704                |   in|    8|     ap_none|                              buffer_704|        scalar|
|buffer_705                |   in|    8|     ap_none|                              buffer_705|        scalar|
|buffer_706                |   in|    8|     ap_none|                              buffer_706|        scalar|
|buffer_707                |   in|    8|     ap_none|                              buffer_707|        scalar|
|buffer_708                |   in|    8|     ap_none|                              buffer_708|        scalar|
|buffer_709                |   in|    8|     ap_none|                              buffer_709|        scalar|
|buffer_710                |   in|    8|     ap_none|                              buffer_710|        scalar|
|buffer_711                |   in|    8|     ap_none|                              buffer_711|        scalar|
|buffer_712                |   in|    8|     ap_none|                              buffer_712|        scalar|
|buffer_713                |   in|    8|     ap_none|                              buffer_713|        scalar|
|buffer_714                |   in|    8|     ap_none|                              buffer_714|        scalar|
|buffer_715                |   in|    8|     ap_none|                              buffer_715|        scalar|
|buffer_716                |   in|    8|     ap_none|                              buffer_716|        scalar|
|buffer_717                |   in|    8|     ap_none|                              buffer_717|        scalar|
|buffer_718                |   in|    8|     ap_none|                              buffer_718|        scalar|
|buffer_719                |   in|    8|     ap_none|                              buffer_719|        scalar|
|buffer_720                |   in|    8|     ap_none|                              buffer_720|        scalar|
|buffer_721                |   in|    8|     ap_none|                              buffer_721|        scalar|
|buffer_722                |   in|    8|     ap_none|                              buffer_722|        scalar|
|buffer_723                |   in|    8|     ap_none|                              buffer_723|        scalar|
|buffer_724                |   in|    8|     ap_none|                              buffer_724|        scalar|
|buffer_725                |   in|    8|     ap_none|                              buffer_725|        scalar|
|buffer_726                |   in|    8|     ap_none|                              buffer_726|        scalar|
|buffer_727                |   in|    8|     ap_none|                              buffer_727|        scalar|
|buffer_728                |   in|    8|     ap_none|                              buffer_728|        scalar|
|buffer_729                |   in|    8|     ap_none|                              buffer_729|        scalar|
|buffer_730                |   in|    8|     ap_none|                              buffer_730|        scalar|
|buffer_731                |   in|    8|     ap_none|                              buffer_731|        scalar|
|buffer_732                |   in|    8|     ap_none|                              buffer_732|        scalar|
|buffer_733                |   in|    8|     ap_none|                              buffer_733|        scalar|
|buffer_734                |   in|    8|     ap_none|                              buffer_734|        scalar|
|buffer_735                |   in|    8|     ap_none|                              buffer_735|        scalar|
|buffer_736                |   in|    8|     ap_none|                              buffer_736|        scalar|
|buffer_737                |   in|    8|     ap_none|                              buffer_737|        scalar|
|buffer_738                |   in|    8|     ap_none|                              buffer_738|        scalar|
|buffer_739                |   in|    8|     ap_none|                              buffer_739|        scalar|
|buffer_740                |   in|    8|     ap_none|                              buffer_740|        scalar|
|buffer_741                |   in|    8|     ap_none|                              buffer_741|        scalar|
|buffer_742                |   in|    8|     ap_none|                              buffer_742|        scalar|
|buffer_743                |   in|    8|     ap_none|                              buffer_743|        scalar|
|buffer_744                |   in|    8|     ap_none|                              buffer_744|        scalar|
|buffer_745                |   in|    8|     ap_none|                              buffer_745|        scalar|
|buffer_746                |   in|    8|     ap_none|                              buffer_746|        scalar|
|buffer_747                |   in|    8|     ap_none|                              buffer_747|        scalar|
|buffer_748                |   in|    8|     ap_none|                              buffer_748|        scalar|
|buffer_749                |   in|    8|     ap_none|                              buffer_749|        scalar|
|buffer_750                |   in|    8|     ap_none|                              buffer_750|        scalar|
|buffer_751                |   in|    8|     ap_none|                              buffer_751|        scalar|
|buffer_752                |   in|    8|     ap_none|                              buffer_752|        scalar|
|buffer_753                |   in|    8|     ap_none|                              buffer_753|        scalar|
|buffer_754                |   in|    8|     ap_none|                              buffer_754|        scalar|
|buffer_755                |   in|    8|     ap_none|                              buffer_755|        scalar|
|buffer_756                |   in|    8|     ap_none|                              buffer_756|        scalar|
|buffer_757                |   in|    8|     ap_none|                              buffer_757|        scalar|
|buffer_758                |   in|    8|     ap_none|                              buffer_758|        scalar|
|buffer_759                |   in|    8|     ap_none|                              buffer_759|        scalar|
|buffer_760                |   in|    8|     ap_none|                              buffer_760|        scalar|
|buffer_761                |   in|    8|     ap_none|                              buffer_761|        scalar|
|buffer_762                |   in|    8|     ap_none|                              buffer_762|        scalar|
|buffer_763                |   in|    8|     ap_none|                              buffer_763|        scalar|
|buffer_764                |   in|    8|     ap_none|                              buffer_764|        scalar|
|buffer_765                |   in|    8|     ap_none|                              buffer_765|        scalar|
|buffer_766                |   in|    8|     ap_none|                              buffer_766|        scalar|
|buffer_767                |   in|    8|     ap_none|                              buffer_767|        scalar|
|buffer_768                |   in|    8|     ap_none|                              buffer_768|        scalar|
|buffer_769                |   in|    8|     ap_none|                              buffer_769|        scalar|
|buffer_770                |   in|    8|     ap_none|                              buffer_770|        scalar|
|buffer_771                |   in|    8|     ap_none|                              buffer_771|        scalar|
|buffer_772                |   in|    8|     ap_none|                              buffer_772|        scalar|
|buffer_773                |   in|    8|     ap_none|                              buffer_773|        scalar|
|buffer_774                |   in|    8|     ap_none|                              buffer_774|        scalar|
|buffer_775                |   in|    8|     ap_none|                              buffer_775|        scalar|
|buffer_776                |   in|    8|     ap_none|                              buffer_776|        scalar|
|buffer_777                |   in|    8|     ap_none|                              buffer_777|        scalar|
|buffer_778                |   in|    8|     ap_none|                              buffer_778|        scalar|
|buffer_779                |   in|    8|     ap_none|                              buffer_779|        scalar|
|buffer_780                |   in|    8|     ap_none|                              buffer_780|        scalar|
|buffer_781                |   in|    8|     ap_none|                              buffer_781|        scalar|
|buffer_782                |   in|    8|     ap_none|                              buffer_782|        scalar|
|buffer_783                |   in|    8|     ap_none|                              buffer_783|        scalar|
|buffer_784                |   in|    8|     ap_none|                              buffer_784|        scalar|
|buffer_785                |   in|    8|     ap_none|                              buffer_785|        scalar|
|buffer_786                |   in|    8|     ap_none|                              buffer_786|        scalar|
|buffer_787                |   in|    8|     ap_none|                              buffer_787|        scalar|
|buffer_788                |   in|    8|     ap_none|                              buffer_788|        scalar|
|buffer_789                |   in|    8|     ap_none|                              buffer_789|        scalar|
|buffer_790                |   in|    8|     ap_none|                              buffer_790|        scalar|
|buffer_791                |   in|    8|     ap_none|                              buffer_791|        scalar|
|buffer_792                |   in|    8|     ap_none|                              buffer_792|        scalar|
|buffer_793                |   in|    8|     ap_none|                              buffer_793|        scalar|
|buffer_794                |   in|    8|     ap_none|                              buffer_794|        scalar|
|buffer_795                |   in|    8|     ap_none|                              buffer_795|        scalar|
|buffer_796                |   in|    8|     ap_none|                              buffer_796|        scalar|
|buffer_797                |   in|    8|     ap_none|                              buffer_797|        scalar|
|buffer_798                |   in|    8|     ap_none|                              buffer_798|        scalar|
|buffer_799                |   in|    8|     ap_none|                              buffer_799|        scalar|
|buffer_800                |   in|    8|     ap_none|                              buffer_800|        scalar|
|buffer_801                |   in|    8|     ap_none|                              buffer_801|        scalar|
|buffer_802                |   in|    8|     ap_none|                              buffer_802|        scalar|
|buffer_803                |   in|    8|     ap_none|                              buffer_803|        scalar|
|buffer_804                |   in|    8|     ap_none|                              buffer_804|        scalar|
|buffer_805                |   in|    8|     ap_none|                              buffer_805|        scalar|
|buffer_806                |   in|    8|     ap_none|                              buffer_806|        scalar|
|buffer_807                |   in|    8|     ap_none|                              buffer_807|        scalar|
|buffer_808                |   in|    8|     ap_none|                              buffer_808|        scalar|
|buffer_809                |   in|    8|     ap_none|                              buffer_809|        scalar|
|buffer_810                |   in|    8|     ap_none|                              buffer_810|        scalar|
|buffer_811                |   in|    8|     ap_none|                              buffer_811|        scalar|
|buffer_812                |   in|    8|     ap_none|                              buffer_812|        scalar|
|buffer_813                |   in|    8|     ap_none|                              buffer_813|        scalar|
|buffer_814                |   in|    8|     ap_none|                              buffer_814|        scalar|
|buffer_815                |   in|    8|     ap_none|                              buffer_815|        scalar|
|buffer_816                |   in|    8|     ap_none|                              buffer_816|        scalar|
|buffer_817                |   in|    8|     ap_none|                              buffer_817|        scalar|
|buffer_818                |   in|    8|     ap_none|                              buffer_818|        scalar|
|buffer_819                |   in|    8|     ap_none|                              buffer_819|        scalar|
|buffer_820                |   in|    8|     ap_none|                              buffer_820|        scalar|
|buffer_821                |   in|    8|     ap_none|                              buffer_821|        scalar|
|buffer_822                |   in|    8|     ap_none|                              buffer_822|        scalar|
|buffer_823                |   in|    8|     ap_none|                              buffer_823|        scalar|
|buffer_824                |   in|    8|     ap_none|                              buffer_824|        scalar|
|buffer_825                |   in|    8|     ap_none|                              buffer_825|        scalar|
|buffer_826                |   in|    8|     ap_none|                              buffer_826|        scalar|
|buffer_827                |   in|    8|     ap_none|                              buffer_827|        scalar|
|buffer_828                |   in|    8|     ap_none|                              buffer_828|        scalar|
|buffer_829                |   in|    8|     ap_none|                              buffer_829|        scalar|
|buffer_830                |   in|    8|     ap_none|                              buffer_830|        scalar|
|buffer_831                |   in|    8|     ap_none|                              buffer_831|        scalar|
|buffer_832                |   in|    8|     ap_none|                              buffer_832|        scalar|
|buffer_833                |   in|    8|     ap_none|                              buffer_833|        scalar|
|buffer_834                |   in|    8|     ap_none|                              buffer_834|        scalar|
|buffer_835                |   in|    8|     ap_none|                              buffer_835|        scalar|
|buffer_836                |   in|    8|     ap_none|                              buffer_836|        scalar|
|buffer_837                |   in|    8|     ap_none|                              buffer_837|        scalar|
|buffer_838                |   in|    8|     ap_none|                              buffer_838|        scalar|
|buffer_839                |   in|    8|     ap_none|                              buffer_839|        scalar|
|buffer_840                |   in|    8|     ap_none|                              buffer_840|        scalar|
|buffer_841                |   in|    8|     ap_none|                              buffer_841|        scalar|
|buffer_842                |   in|    8|     ap_none|                              buffer_842|        scalar|
|buffer_843                |   in|    8|     ap_none|                              buffer_843|        scalar|
|buffer_844                |   in|    8|     ap_none|                              buffer_844|        scalar|
|buffer_845                |   in|    8|     ap_none|                              buffer_845|        scalar|
|buffer_846                |   in|    8|     ap_none|                              buffer_846|        scalar|
|buffer_847                |   in|    8|     ap_none|                              buffer_847|        scalar|
|buffer_848                |   in|    8|     ap_none|                              buffer_848|        scalar|
|buffer_849                |   in|    8|     ap_none|                              buffer_849|        scalar|
|buffer_850                |   in|    8|     ap_none|                              buffer_850|        scalar|
|buffer_851                |   in|    8|     ap_none|                              buffer_851|        scalar|
|buffer_852                |   in|    8|     ap_none|                              buffer_852|        scalar|
|buffer_853                |   in|    8|     ap_none|                              buffer_853|        scalar|
|buffer_854                |   in|    8|     ap_none|                              buffer_854|        scalar|
|buffer_855                |   in|    8|     ap_none|                              buffer_855|        scalar|
|buffer_856                |   in|    8|     ap_none|                              buffer_856|        scalar|
|buffer_857                |   in|    8|     ap_none|                              buffer_857|        scalar|
|buffer_858                |   in|    8|     ap_none|                              buffer_858|        scalar|
|buffer_859                |   in|    8|     ap_none|                              buffer_859|        scalar|
|buffer_860                |   in|    8|     ap_none|                              buffer_860|        scalar|
|buffer_861                |   in|    8|     ap_none|                              buffer_861|        scalar|
|buffer_862                |   in|    8|     ap_none|                              buffer_862|        scalar|
|buffer_863                |   in|    8|     ap_none|                              buffer_863|        scalar|
|buffer_864                |   in|    8|     ap_none|                              buffer_864|        scalar|
|buffer_865                |   in|    8|     ap_none|                              buffer_865|        scalar|
|buffer_866                |   in|    8|     ap_none|                              buffer_866|        scalar|
|buffer_867                |   in|    8|     ap_none|                              buffer_867|        scalar|
|buffer_868                |   in|    8|     ap_none|                              buffer_868|        scalar|
|buffer_869                |   in|    8|     ap_none|                              buffer_869|        scalar|
|buffer_870                |   in|    8|     ap_none|                              buffer_870|        scalar|
|buffer_871                |   in|    8|     ap_none|                              buffer_871|        scalar|
|buffer_872                |   in|    8|     ap_none|                              buffer_872|        scalar|
|buffer_873                |   in|    8|     ap_none|                              buffer_873|        scalar|
|buffer_874                |   in|    8|     ap_none|                              buffer_874|        scalar|
|buffer_875                |   in|    8|     ap_none|                              buffer_875|        scalar|
|buffer_876                |   in|    8|     ap_none|                              buffer_876|        scalar|
|buffer_877                |   in|    8|     ap_none|                              buffer_877|        scalar|
|buffer_878                |   in|    8|     ap_none|                              buffer_878|        scalar|
|buffer_879                |   in|    8|     ap_none|                              buffer_879|        scalar|
|buffer_880                |   in|    8|     ap_none|                              buffer_880|        scalar|
|buffer_881                |   in|    8|     ap_none|                              buffer_881|        scalar|
|buffer_882                |   in|    8|     ap_none|                              buffer_882|        scalar|
|buffer_883                |   in|    8|     ap_none|                              buffer_883|        scalar|
|buffer_884                |   in|    8|     ap_none|                              buffer_884|        scalar|
|buffer_885                |   in|    8|     ap_none|                              buffer_885|        scalar|
|buffer_886                |   in|    8|     ap_none|                              buffer_886|        scalar|
|buffer_887                |   in|    8|     ap_none|                              buffer_887|        scalar|
|buffer_888                |   in|    8|     ap_none|                              buffer_888|        scalar|
|buffer_889                |   in|    8|     ap_none|                              buffer_889|        scalar|
|buffer_890                |   in|    8|     ap_none|                              buffer_890|        scalar|
|buffer_891                |   in|    8|     ap_none|                              buffer_891|        scalar|
|buffer_892                |   in|    8|     ap_none|                              buffer_892|        scalar|
|buffer_893                |   in|    8|     ap_none|                              buffer_893|        scalar|
|buffer_894                |   in|    8|     ap_none|                              buffer_894|        scalar|
|buffer_895                |   in|    8|     ap_none|                              buffer_895|        scalar|
|buffer_896                |   in|    8|     ap_none|                              buffer_896|        scalar|
|buffer_897                |   in|    8|     ap_none|                              buffer_897|        scalar|
|buffer_898                |   in|    8|     ap_none|                              buffer_898|        scalar|
|buffer_899                |   in|    8|     ap_none|                              buffer_899|        scalar|
|buffer_900                |   in|    8|     ap_none|                              buffer_900|        scalar|
|buffer_901                |   in|    8|     ap_none|                              buffer_901|        scalar|
|buffer_902                |   in|    8|     ap_none|                              buffer_902|        scalar|
|buffer_903                |   in|    8|     ap_none|                              buffer_903|        scalar|
|buffer_904                |   in|    8|     ap_none|                              buffer_904|        scalar|
|buffer_905                |   in|    8|     ap_none|                              buffer_905|        scalar|
|buffer_906                |   in|    8|     ap_none|                              buffer_906|        scalar|
|buffer_907                |   in|    8|     ap_none|                              buffer_907|        scalar|
|buffer_908                |   in|    8|     ap_none|                              buffer_908|        scalar|
|buffer_909                |   in|    8|     ap_none|                              buffer_909|        scalar|
|buffer_910                |   in|    8|     ap_none|                              buffer_910|        scalar|
|buffer_911                |   in|    8|     ap_none|                              buffer_911|        scalar|
|buffer_912                |   in|    8|     ap_none|                              buffer_912|        scalar|
|buffer_913                |   in|    8|     ap_none|                              buffer_913|        scalar|
|buffer_914                |   in|    8|     ap_none|                              buffer_914|        scalar|
|buffer_915                |   in|    8|     ap_none|                              buffer_915|        scalar|
|buffer_916                |   in|    8|     ap_none|                              buffer_916|        scalar|
|buffer_917                |   in|    8|     ap_none|                              buffer_917|        scalar|
|buffer_918                |   in|    8|     ap_none|                              buffer_918|        scalar|
|buffer_919                |   in|    8|     ap_none|                              buffer_919|        scalar|
|buffer_920                |   in|    8|     ap_none|                              buffer_920|        scalar|
|buffer_921                |   in|    8|     ap_none|                              buffer_921|        scalar|
|buffer_922                |   in|    8|     ap_none|                              buffer_922|        scalar|
|buffer_923                |   in|    8|     ap_none|                              buffer_923|        scalar|
|buffer_924                |   in|    8|     ap_none|                              buffer_924|        scalar|
|buffer_925                |   in|    8|     ap_none|                              buffer_925|        scalar|
|buffer_926                |   in|    8|     ap_none|                              buffer_926|        scalar|
|buffer_927                |   in|    8|     ap_none|                              buffer_927|        scalar|
|buffer_928                |   in|    8|     ap_none|                              buffer_928|        scalar|
|buffer_929                |   in|    8|     ap_none|                              buffer_929|        scalar|
|buffer_930                |   in|    8|     ap_none|                              buffer_930|        scalar|
|buffer_931                |   in|    8|     ap_none|                              buffer_931|        scalar|
|buffer_932                |   in|    8|     ap_none|                              buffer_932|        scalar|
|buffer_933                |   in|    8|     ap_none|                              buffer_933|        scalar|
|buffer_934                |   in|    8|     ap_none|                              buffer_934|        scalar|
|buffer_935                |   in|    8|     ap_none|                              buffer_935|        scalar|
|buffer_936                |   in|    8|     ap_none|                              buffer_936|        scalar|
|buffer_937                |   in|    8|     ap_none|                              buffer_937|        scalar|
|buffer_938                |   in|    8|     ap_none|                              buffer_938|        scalar|
|buffer_939                |   in|    8|     ap_none|                              buffer_939|        scalar|
|buffer_940                |   in|    8|     ap_none|                              buffer_940|        scalar|
|buffer_941                |   in|    8|     ap_none|                              buffer_941|        scalar|
|buffer_942                |   in|    8|     ap_none|                              buffer_942|        scalar|
|buffer_943                |   in|    8|     ap_none|                              buffer_943|        scalar|
|buffer_944                |   in|    8|     ap_none|                              buffer_944|        scalar|
|buffer_945                |   in|    8|     ap_none|                              buffer_945|        scalar|
|buffer_946                |   in|    8|     ap_none|                              buffer_946|        scalar|
|buffer_947                |   in|    8|     ap_none|                              buffer_947|        scalar|
|buffer_948                |   in|    8|     ap_none|                              buffer_948|        scalar|
|buffer_949                |   in|    8|     ap_none|                              buffer_949|        scalar|
|buffer_950                |   in|    8|     ap_none|                              buffer_950|        scalar|
|buffer_951                |   in|    8|     ap_none|                              buffer_951|        scalar|
|buffer_952                |   in|    8|     ap_none|                              buffer_952|        scalar|
|buffer_953                |   in|    8|     ap_none|                              buffer_953|        scalar|
|buffer_954                |   in|    8|     ap_none|                              buffer_954|        scalar|
|buffer_955                |   in|    8|     ap_none|                              buffer_955|        scalar|
|buffer_956                |   in|    8|     ap_none|                              buffer_956|        scalar|
|buffer_957                |   in|    8|     ap_none|                              buffer_957|        scalar|
|buffer_958                |   in|    8|     ap_none|                              buffer_958|        scalar|
|buffer_959                |   in|    8|     ap_none|                              buffer_959|        scalar|
|buffer_960                |   in|    8|     ap_none|                              buffer_960|        scalar|
|buffer_961                |   in|    8|     ap_none|                              buffer_961|        scalar|
|buffer_962                |   in|    8|     ap_none|                              buffer_962|        scalar|
|buffer_963                |   in|    8|     ap_none|                              buffer_963|        scalar|
|buffer_964                |   in|    8|     ap_none|                              buffer_964|        scalar|
|buffer_965                |   in|    8|     ap_none|                              buffer_965|        scalar|
|buffer_966                |   in|    8|     ap_none|                              buffer_966|        scalar|
|buffer_967                |   in|    8|     ap_none|                              buffer_967|        scalar|
|buffer_968                |   in|    8|     ap_none|                              buffer_968|        scalar|
|buffer_969                |   in|    8|     ap_none|                              buffer_969|        scalar|
|buffer_970                |   in|    8|     ap_none|                              buffer_970|        scalar|
|buffer_971                |   in|    8|     ap_none|                              buffer_971|        scalar|
|buffer_972                |   in|    8|     ap_none|                              buffer_972|        scalar|
|buffer_973                |   in|    8|     ap_none|                              buffer_973|        scalar|
|buffer_974                |   in|    8|     ap_none|                              buffer_974|        scalar|
|buffer_975                |   in|    8|     ap_none|                              buffer_975|        scalar|
|buffer_976                |   in|    8|     ap_none|                              buffer_976|        scalar|
|buffer_977                |   in|    8|     ap_none|                              buffer_977|        scalar|
|buffer_978                |   in|    8|     ap_none|                              buffer_978|        scalar|
|buffer_979                |   in|    8|     ap_none|                              buffer_979|        scalar|
|buffer_980                |   in|    8|     ap_none|                              buffer_980|        scalar|
|buffer_981                |   in|    8|     ap_none|                              buffer_981|        scalar|
|buffer_982                |   in|    8|     ap_none|                              buffer_982|        scalar|
|buffer_983                |   in|    8|     ap_none|                              buffer_983|        scalar|
|buffer_984                |   in|    8|     ap_none|                              buffer_984|        scalar|
|buffer_985                |   in|    8|     ap_none|                              buffer_985|        scalar|
|buffer_986                |   in|    8|     ap_none|                              buffer_986|        scalar|
|buffer_987                |   in|    8|     ap_none|                              buffer_987|        scalar|
|buffer_988                |   in|    8|     ap_none|                              buffer_988|        scalar|
|buffer_989                |   in|    8|     ap_none|                              buffer_989|        scalar|
|buffer_990                |   in|    8|     ap_none|                              buffer_990|        scalar|
|buffer_991                |   in|    8|     ap_none|                              buffer_991|        scalar|
|buffer_992                |   in|    8|     ap_none|                              buffer_992|        scalar|
|buffer_993                |   in|    8|     ap_none|                              buffer_993|        scalar|
|buffer_994                |   in|    8|     ap_none|                              buffer_994|        scalar|
|buffer_995                |   in|    8|     ap_none|                              buffer_995|        scalar|
|buffer_996                |   in|    8|     ap_none|                              buffer_996|        scalar|
|buffer_997                |   in|    8|     ap_none|                              buffer_997|        scalar|
|buffer_998                |   in|    8|     ap_none|                              buffer_998|        scalar|
|buffer_999                |   in|    8|     ap_none|                              buffer_999|        scalar|
|buffer_1000               |   in|    8|     ap_none|                             buffer_1000|        scalar|
|buffer_1001               |   in|    8|     ap_none|                             buffer_1001|        scalar|
|buffer_1002               |   in|    8|     ap_none|                             buffer_1002|        scalar|
|buffer_1003               |   in|    8|     ap_none|                             buffer_1003|        scalar|
|buffer_1004               |   in|    8|     ap_none|                             buffer_1004|        scalar|
|buffer_1005               |   in|    8|     ap_none|                             buffer_1005|        scalar|
|buffer_1006               |   in|    8|     ap_none|                             buffer_1006|        scalar|
|buffer_1007               |   in|    8|     ap_none|                             buffer_1007|        scalar|
|buffer_1008               |   in|    8|     ap_none|                             buffer_1008|        scalar|
|buffer_1009               |   in|    8|     ap_none|                             buffer_1009|        scalar|
|buffer_1010               |   in|    8|     ap_none|                             buffer_1010|        scalar|
|buffer_1011               |   in|    8|     ap_none|                             buffer_1011|        scalar|
|buffer_1012               |   in|    8|     ap_none|                             buffer_1012|        scalar|
|buffer_1013               |   in|    8|     ap_none|                             buffer_1013|        scalar|
|buffer_1014               |   in|    8|     ap_none|                             buffer_1014|        scalar|
|buffer_1015               |   in|    8|     ap_none|                             buffer_1015|        scalar|
|buffer_1016               |   in|    8|     ap_none|                             buffer_1016|        scalar|
|buffer_1017               |   in|    8|     ap_none|                             buffer_1017|        scalar|
|buffer_1018               |   in|    8|     ap_none|                             buffer_1018|        scalar|
|buffer_1019               |   in|    8|     ap_none|                             buffer_1019|        scalar|
|buffer_1020               |   in|    8|     ap_none|                             buffer_1020|        scalar|
|buffer_1021               |   in|    8|     ap_none|                             buffer_1021|        scalar|
|buffer_1022               |   in|    8|     ap_none|                             buffer_1022|        scalar|
|buffer_1023               |   in|    8|     ap_none|                             buffer_1023|        scalar|
|buffer_1024               |   in|    8|     ap_none|                             buffer_1024|        scalar|
+--------------------------+-----+-----+------------+----------------------------------------+--------------+

