

================================================================
== Vitis HLS Report for 'merge_sort_iterative_1_Pipeline_output'
================================================================
* Date:           Sat Jun  8 17:58:06 2024

* Version:        2023.2 (Build 4023990 on Oct 11 2023)
* Project:        merge_sort_double
* Solution:       hls (Vivado IP Flow Target)
* Product family: zynq
* Target device:  xc7z020-clg400-1


================================================================
== Performance Estimates
================================================================
+ Timing: 
    * Summary: 
    +--------+----------+----------+------------+
    |  Clock |  Target  | Estimated| Uncertainty|
    +--------+----------+----------+------------+
    |ap_clk  |  10.00 ns|  6.935 ns|     2.70 ns|
    +--------+----------+----------+------------+

+ Latency: 
    * Summary: 
    +---------+---------+----------+----------+-----+-----+---------+
    |  Latency (cycles) |  Latency (absolute) |  Interval | Pipeline|
    |   min   |   max   |    min   |    max   | min | max |   Type  |
    +---------+---------+----------+----------+-----+-----+---------+
    |      514|      514|  5.140 us|  5.140 us|  514|  514|       no|
    +---------+---------+----------+----------+-----+-----+---------+

    + Detail: 
        * Instance: 
        N/A

        * Loop: 
        +----------+---------+---------+----------+-----------+-----------+------+----------+
        |          |  Latency (cycles) | Iteration|  Initiation Interval  | Trip |          |
        | Loop Name|   min   |   max   |  Latency |  achieved |   target  | Count| Pipelined|
        +----------+---------+---------+----------+-----------+-----------+------+----------+
        |- output  |      512|      512|         2|          1|          1|   512|       yes|
        +----------+---------+---------+----------+-----------+-----------+------+----------+



================================================================
== Utilization Estimates
================================================================
* Summary: 
+-----------------+---------+-----+--------+-------+-----+
|       Name      | BRAM_18K| DSP |   FF   |  LUT  | URAM|
+-----------------+---------+-----+--------+-------+-----+
|DSP              |        -|    -|       -|      -|    -|
|Expression       |        -|    -|       0|     29|    -|
|FIFO             |        -|    -|       -|      -|    -|
|Instance         |        -|    -|       0|   2693|    -|
|Memory           |        -|    -|       -|      -|    -|
|Multiplexer      |        -|    -|       -|     45|    -|
|Register         |        -|    -|      21|      -|    -|
+-----------------+---------+-----+--------+-------+-----+
|Total            |        0|    0|      21|   2767|    0|
+-----------------+---------+-----+--------+-------+-----+
|Available        |      280|  220|  106400|  53200|    0|
+-----------------+---------+-----+--------+-------+-----+
|Utilization (%)  |        0|    0|      ~0|      5|    0|
+-----------------+---------+-----+--------+-------+-----+

+ Detail: 
    * Instance: 
    +------------------------------+------------------------+---------+----+---+------+-----+
    |           Instance           |         Module         | BRAM_18K| DSP| FF|  LUT | URAM|
    +------------------------------+------------------------+---------+----+---+------+-----+
    |sparsemux_1025_9_8_1_1_U2584  |sparsemux_1025_9_8_1_1  |        0|   0|  0|  2693|    0|
    +------------------------------+------------------------+---------+----+---+------+-----+
    |Total                         |                        |        0|   0|  0|  2693|    0|
    +------------------------------+------------------------+---------+----+---+------+-----+

    * DSP: 
    N/A

    * Memory: 
    N/A

    * FIFO: 
    N/A

    * Expression: 
    +---------------------------+----------+----+---+----+------------+------------+
    |       Variable Name       | Operation| DSP| FF| LUT| Bitwidth P0| Bitwidth P1|
    +---------------------------+----------+----+---+----+------------+------------+
    |add_ln100_fu_5183_p2       |         +|   0|  0|  13|          10|           1|
    |ap_block_pp0_stage0_01001  |       and|   0|  0|   2|           1|           1|
    |icmp_ln100_fu_5177_p2      |      icmp|   0|  0|  12|          10|          11|
    |ap_enable_pp0              |       xor|   0|  0|   2|           1|           2|
    +---------------------------+----------+----+---+----+------------+------------+
    |Total                      |          |   0|  0|  29|          22|          15|
    +---------------------------+----------+----+---+----+------------+------------+

    * Multiplexer: 
    +-------------------------+----+-----------+-----+-----------+
    |           Name          | LUT| Input Size| Bits| Total Bits|
    +-------------------------+----+-----------+-----+-----------+
    |ap_done_int              |   9|          2|    1|          2|
    |ap_enable_reg_pp0_iter1  |   9|          2|    1|          2|
    |ap_sig_allocacmp_i       |   9|          2|   10|         20|
    |i_9_fu_2086              |   9|          2|   10|         20|
    |tmp_left_blk_n           |   9|          2|    1|          2|
    +-------------------------+----+-----------+-----+-----------+
    |Total                    |  45|         10|   23|         46|
    +-------------------------+----+-----------+-----+-----------+

    * Register: 
    +-------------------------+----+----+-----+-----------+
    |           Name          | FF | LUT| Bits| Const Bits|
    +-------------------------+----+----+-----+-----------+
    |ap_CS_fsm                |   1|   0|    1|          0|
    |ap_done_reg              |   1|   0|    1|          0|
    |ap_enable_reg_pp0_iter1  |   1|   0|    1|          0|
    |i_9_fu_2086              |  10|   0|   10|          0|
    |p_0_reg_7264             |   8|   0|    8|          0|
    +-------------------------+----+----+-----+-----------+
    |Total                    |  21|   0|   21|          0|
    +-------------------------+----+----+-----+-----------+



================================================================
== Interface
================================================================
* Summary: 
+-------------------------+-----+-----+------------+----------------------------------------+--------------+
|        RTL Ports        | Dir | Bits|  Protocol  |              Source Object             |    C Type    |
+-------------------------+-----+-----+------------+----------------------------------------+--------------+
|ap_clk                   |   in|    1|  ap_ctrl_hs|  merge_sort_iterative.1_Pipeline_output|  return value|
|ap_rst                   |   in|    1|  ap_ctrl_hs|  merge_sort_iterative.1_Pipeline_output|  return value|
|ap_start                 |   in|    1|  ap_ctrl_hs|  merge_sort_iterative.1_Pipeline_output|  return value|
|ap_done                  |  out|    1|  ap_ctrl_hs|  merge_sort_iterative.1_Pipeline_output|  return value|
|ap_idle                  |  out|    1|  ap_ctrl_hs|  merge_sort_iterative.1_Pipeline_output|  return value|
|ap_ready                 |  out|    1|  ap_ctrl_hs|  merge_sort_iterative.1_Pipeline_output|  return value|
|tmp_left_din             |  out|    8|     ap_fifo|                                tmp_left|       pointer|
|tmp_left_num_data_valid  |   in|    3|     ap_fifo|                                tmp_left|       pointer|
|tmp_left_fifo_cap        |   in|    3|     ap_fifo|                                tmp_left|       pointer|
|tmp_left_full_n          |   in|    1|     ap_fifo|                                tmp_left|       pointer|
|tmp_left_write           |  out|    1|     ap_fifo|                                tmp_left|       pointer|
|buffer_6658              |   in|    8|     ap_none|                             buffer_6658|        scalar|
|buffer_6659              |   in|    8|     ap_none|                             buffer_6659|        scalar|
|buffer_6660              |   in|    8|     ap_none|                             buffer_6660|        scalar|
|buffer_6661              |   in|    8|     ap_none|                             buffer_6661|        scalar|
|buffer_6662              |   in|    8|     ap_none|                             buffer_6662|        scalar|
|buffer_6663              |   in|    8|     ap_none|                             buffer_6663|        scalar|
|buffer_6664              |   in|    8|     ap_none|                             buffer_6664|        scalar|
|buffer_6665              |   in|    8|     ap_none|                             buffer_6665|        scalar|
|buffer_6666              |   in|    8|     ap_none|                             buffer_6666|        scalar|
|buffer_6667              |   in|    8|     ap_none|                             buffer_6667|        scalar|
|buffer_6668              |   in|    8|     ap_none|                             buffer_6668|        scalar|
|buffer_6669              |   in|    8|     ap_none|                             buffer_6669|        scalar|
|buffer_6670              |   in|    8|     ap_none|                             buffer_6670|        scalar|
|buffer_6671              |   in|    8|     ap_none|                             buffer_6671|        scalar|
|buffer_6672              |   in|    8|     ap_none|                             buffer_6672|        scalar|
|buffer_6673              |   in|    8|     ap_none|                             buffer_6673|        scalar|
|buffer_6674              |   in|    8|     ap_none|                             buffer_6674|        scalar|
|buffer_6675              |   in|    8|     ap_none|                             buffer_6675|        scalar|
|buffer_6676              |   in|    8|     ap_none|                             buffer_6676|        scalar|
|buffer_6677              |   in|    8|     ap_none|                             buffer_6677|        scalar|
|buffer_6678              |   in|    8|     ap_none|                             buffer_6678|        scalar|
|buffer_6679              |   in|    8|     ap_none|                             buffer_6679|        scalar|
|buffer_6680              |   in|    8|     ap_none|                             buffer_6680|        scalar|
|buffer_6681              |   in|    8|     ap_none|                             buffer_6681|        scalar|
|buffer_6682              |   in|    8|     ap_none|                             buffer_6682|        scalar|
|buffer_6683              |   in|    8|     ap_none|                             buffer_6683|        scalar|
|buffer_6684              |   in|    8|     ap_none|                             buffer_6684|        scalar|
|buffer_6685              |   in|    8|     ap_none|                             buffer_6685|        scalar|
|buffer_6686              |   in|    8|     ap_none|                             buffer_6686|        scalar|
|buffer_6687              |   in|    8|     ap_none|                             buffer_6687|        scalar|
|buffer_6688              |   in|    8|     ap_none|                             buffer_6688|        scalar|
|buffer_6689              |   in|    8|     ap_none|                             buffer_6689|        scalar|
|buffer_6690              |   in|    8|     ap_none|                             buffer_6690|        scalar|
|buffer_6691              |   in|    8|     ap_none|                             buffer_6691|        scalar|
|buffer_6692              |   in|    8|     ap_none|                             buffer_6692|        scalar|
|buffer_6693              |   in|    8|     ap_none|                             buffer_6693|        scalar|
|buffer_6694              |   in|    8|     ap_none|                             buffer_6694|        scalar|
|buffer_6695              |   in|    8|     ap_none|                             buffer_6695|        scalar|
|buffer_6696              |   in|    8|     ap_none|                             buffer_6696|        scalar|
|buffer_6697              |   in|    8|     ap_none|                             buffer_6697|        scalar|
|buffer_6698              |   in|    8|     ap_none|                             buffer_6698|        scalar|
|buffer_6699              |   in|    8|     ap_none|                             buffer_6699|        scalar|
|buffer_6700              |   in|    8|     ap_none|                             buffer_6700|        scalar|
|buffer_6701              |   in|    8|     ap_none|                             buffer_6701|        scalar|
|buffer_6702              |   in|    8|     ap_none|                             buffer_6702|        scalar|
|buffer_6703              |   in|    8|     ap_none|                             buffer_6703|        scalar|
|buffer_6704              |   in|    8|     ap_none|                             buffer_6704|        scalar|
|buffer_6705              |   in|    8|     ap_none|                             buffer_6705|        scalar|
|buffer_6706              |   in|    8|     ap_none|                             buffer_6706|        scalar|
|buffer_6707              |   in|    8|     ap_none|                             buffer_6707|        scalar|
|buffer_6708              |   in|    8|     ap_none|                             buffer_6708|        scalar|
|buffer_6709              |   in|    8|     ap_none|                             buffer_6709|        scalar|
|buffer_6710              |   in|    8|     ap_none|                             buffer_6710|        scalar|
|buffer_6711              |   in|    8|     ap_none|                             buffer_6711|        scalar|
|buffer_6712              |   in|    8|     ap_none|                             buffer_6712|        scalar|
|buffer_6713              |   in|    8|     ap_none|                             buffer_6713|        scalar|
|buffer_6714              |   in|    8|     ap_none|                             buffer_6714|        scalar|
|buffer_6715              |   in|    8|     ap_none|                             buffer_6715|        scalar|
|buffer_6716              |   in|    8|     ap_none|                             buffer_6716|        scalar|
|buffer_6717              |   in|    8|     ap_none|                             buffer_6717|        scalar|
|buffer_6718              |   in|    8|     ap_none|                             buffer_6718|        scalar|
|buffer_6719              |   in|    8|     ap_none|                             buffer_6719|        scalar|
|buffer_6720              |   in|    8|     ap_none|                             buffer_6720|        scalar|
|buffer_6721              |   in|    8|     ap_none|                             buffer_6721|        scalar|
|buffer_6722              |   in|    8|     ap_none|                             buffer_6722|        scalar|
|buffer_6723              |   in|    8|     ap_none|                             buffer_6723|        scalar|
|buffer_6724              |   in|    8|     ap_none|                             buffer_6724|        scalar|
|buffer_6725              |   in|    8|     ap_none|                             buffer_6725|        scalar|
|buffer_6726              |   in|    8|     ap_none|                             buffer_6726|        scalar|
|buffer_6727              |   in|    8|     ap_none|                             buffer_6727|        scalar|
|buffer_6728              |   in|    8|     ap_none|                             buffer_6728|        scalar|
|buffer_6729              |   in|    8|     ap_none|                             buffer_6729|        scalar|
|buffer_6730              |   in|    8|     ap_none|                             buffer_6730|        scalar|
|buffer_6731              |   in|    8|     ap_none|                             buffer_6731|        scalar|
|buffer_6732              |   in|    8|     ap_none|                             buffer_6732|        scalar|
|buffer_6733              |   in|    8|     ap_none|                             buffer_6733|        scalar|
|buffer_6734              |   in|    8|     ap_none|                             buffer_6734|        scalar|
|buffer_6735              |   in|    8|     ap_none|                             buffer_6735|        scalar|
|buffer_6736              |   in|    8|     ap_none|                             buffer_6736|        scalar|
|buffer_6737              |   in|    8|     ap_none|                             buffer_6737|        scalar|
|buffer_6738              |   in|    8|     ap_none|                             buffer_6738|        scalar|
|buffer_6739              |   in|    8|     ap_none|                             buffer_6739|        scalar|
|buffer_6740              |   in|    8|     ap_none|                             buffer_6740|        scalar|
|buffer_6741              |   in|    8|     ap_none|                             buffer_6741|        scalar|
|buffer_6742              |   in|    8|     ap_none|                             buffer_6742|        scalar|
|buffer_6743              |   in|    8|     ap_none|                             buffer_6743|        scalar|
|buffer_6744              |   in|    8|     ap_none|                             buffer_6744|        scalar|
|buffer_6745              |   in|    8|     ap_none|                             buffer_6745|        scalar|
|buffer_6746              |   in|    8|     ap_none|                             buffer_6746|        scalar|
|buffer_6747              |   in|    8|     ap_none|                             buffer_6747|        scalar|
|buffer_6748              |   in|    8|     ap_none|                             buffer_6748|        scalar|
|buffer_6749              |   in|    8|     ap_none|                             buffer_6749|        scalar|
|buffer_6750              |   in|    8|     ap_none|                             buffer_6750|        scalar|
|buffer_6751              |   in|    8|     ap_none|                             buffer_6751|        scalar|
|buffer_6752              |   in|    8|     ap_none|                             buffer_6752|        scalar|
|buffer_6753              |   in|    8|     ap_none|                             buffer_6753|        scalar|
|buffer_6754              |   in|    8|     ap_none|                             buffer_6754|        scalar|
|buffer_6755              |   in|    8|     ap_none|                             buffer_6755|        scalar|
|buffer_6756              |   in|    8|     ap_none|                             buffer_6756|        scalar|
|buffer_6757              |   in|    8|     ap_none|                             buffer_6757|        scalar|
|buffer_6758              |   in|    8|     ap_none|                             buffer_6758|        scalar|
|buffer_6759              |   in|    8|     ap_none|                             buffer_6759|        scalar|
|buffer_6760              |   in|    8|     ap_none|                             buffer_6760|        scalar|
|buffer_6761              |   in|    8|     ap_none|                             buffer_6761|        scalar|
|buffer_6762              |   in|    8|     ap_none|                             buffer_6762|        scalar|
|buffer_6763              |   in|    8|     ap_none|                             buffer_6763|        scalar|
|buffer_6764              |   in|    8|     ap_none|                             buffer_6764|        scalar|
|buffer_6765              |   in|    8|     ap_none|                             buffer_6765|        scalar|
|buffer_6766              |   in|    8|     ap_none|                             buffer_6766|        scalar|
|buffer_6767              |   in|    8|     ap_none|                             buffer_6767|        scalar|
|buffer_6768              |   in|    8|     ap_none|                             buffer_6768|        scalar|
|buffer_6769              |   in|    8|     ap_none|                             buffer_6769|        scalar|
|buffer_6770              |   in|    8|     ap_none|                             buffer_6770|        scalar|
|buffer_6771              |   in|    8|     ap_none|                             buffer_6771|        scalar|
|buffer_6772              |   in|    8|     ap_none|                             buffer_6772|        scalar|
|buffer_6773              |   in|    8|     ap_none|                             buffer_6773|        scalar|
|buffer_6774              |   in|    8|     ap_none|                             buffer_6774|        scalar|
|buffer_6775              |   in|    8|     ap_none|                             buffer_6775|        scalar|
|buffer_6776              |   in|    8|     ap_none|                             buffer_6776|        scalar|
|buffer_6777              |   in|    8|     ap_none|                             buffer_6777|        scalar|
|buffer_6778              |   in|    8|     ap_none|                             buffer_6778|        scalar|
|buffer_6779              |   in|    8|     ap_none|                             buffer_6779|        scalar|
|buffer_6780              |   in|    8|     ap_none|                             buffer_6780|        scalar|
|buffer_6781              |   in|    8|     ap_none|                             buffer_6781|        scalar|
|buffer_6782              |   in|    8|     ap_none|                             buffer_6782|        scalar|
|buffer_6783              |   in|    8|     ap_none|                             buffer_6783|        scalar|
|buffer_6784              |   in|    8|     ap_none|                             buffer_6784|        scalar|
|buffer_6785              |   in|    8|     ap_none|                             buffer_6785|        scalar|
|buffer_6786              |   in|    8|     ap_none|                             buffer_6786|        scalar|
|buffer_6787              |   in|    8|     ap_none|                             buffer_6787|        scalar|
|buffer_6788              |   in|    8|     ap_none|                             buffer_6788|        scalar|
|buffer_6789              |   in|    8|     ap_none|                             buffer_6789|        scalar|
|buffer_6790              |   in|    8|     ap_none|                             buffer_6790|        scalar|
|buffer_6791              |   in|    8|     ap_none|                             buffer_6791|        scalar|
|buffer_6792              |   in|    8|     ap_none|                             buffer_6792|        scalar|
|buffer_6793              |   in|    8|     ap_none|                             buffer_6793|        scalar|
|buffer_6794              |   in|    8|     ap_none|                             buffer_6794|        scalar|
|buffer_6795              |   in|    8|     ap_none|                             buffer_6795|        scalar|
|buffer_6796              |   in|    8|     ap_none|                             buffer_6796|        scalar|
|buffer_6797              |   in|    8|     ap_none|                             buffer_6797|        scalar|
|buffer_6798              |   in|    8|     ap_none|                             buffer_6798|        scalar|
|buffer_6799              |   in|    8|     ap_none|                             buffer_6799|        scalar|
|buffer_6800              |   in|    8|     ap_none|                             buffer_6800|        scalar|
|buffer_6801              |   in|    8|     ap_none|                             buffer_6801|        scalar|
|buffer_6802              |   in|    8|     ap_none|                             buffer_6802|        scalar|
|buffer_6803              |   in|    8|     ap_none|                             buffer_6803|        scalar|
|buffer_6804              |   in|    8|     ap_none|                             buffer_6804|        scalar|
|buffer_6805              |   in|    8|     ap_none|                             buffer_6805|        scalar|
|buffer_6806              |   in|    8|     ap_none|                             buffer_6806|        scalar|
|buffer_6807              |   in|    8|     ap_none|                             buffer_6807|        scalar|
|buffer_6808              |   in|    8|     ap_none|                             buffer_6808|        scalar|
|buffer_6809              |   in|    8|     ap_none|                             buffer_6809|        scalar|
|buffer_6810              |   in|    8|     ap_none|                             buffer_6810|        scalar|
|buffer_6811              |   in|    8|     ap_none|                             buffer_6811|        scalar|
|buffer_6812              |   in|    8|     ap_none|                             buffer_6812|        scalar|
|buffer_6813              |   in|    8|     ap_none|                             buffer_6813|        scalar|
|buffer_6814              |   in|    8|     ap_none|                             buffer_6814|        scalar|
|buffer_6815              |   in|    8|     ap_none|                             buffer_6815|        scalar|
|buffer_6816              |   in|    8|     ap_none|                             buffer_6816|        scalar|
|buffer_6817              |   in|    8|     ap_none|                             buffer_6817|        scalar|
|buffer_6818              |   in|    8|     ap_none|                             buffer_6818|        scalar|
|buffer_6819              |   in|    8|     ap_none|                             buffer_6819|        scalar|
|buffer_6820              |   in|    8|     ap_none|                             buffer_6820|        scalar|
|buffer_6821              |   in|    8|     ap_none|                             buffer_6821|        scalar|
|buffer_6822              |   in|    8|     ap_none|                             buffer_6822|        scalar|
|buffer_6823              |   in|    8|     ap_none|                             buffer_6823|        scalar|
|buffer_6824              |   in|    8|     ap_none|                             buffer_6824|        scalar|
|buffer_6825              |   in|    8|     ap_none|                             buffer_6825|        scalar|
|buffer_6826              |   in|    8|     ap_none|                             buffer_6826|        scalar|
|buffer_6827              |   in|    8|     ap_none|                             buffer_6827|        scalar|
|buffer_6828              |   in|    8|     ap_none|                             buffer_6828|        scalar|
|buffer_6829              |   in|    8|     ap_none|                             buffer_6829|        scalar|
|buffer_6830              |   in|    8|     ap_none|                             buffer_6830|        scalar|
|buffer_6831              |   in|    8|     ap_none|                             buffer_6831|        scalar|
|buffer_6832              |   in|    8|     ap_none|                             buffer_6832|        scalar|
|buffer_6833              |   in|    8|     ap_none|                             buffer_6833|        scalar|
|buffer_6834              |   in|    8|     ap_none|                             buffer_6834|        scalar|
|buffer_6835              |   in|    8|     ap_none|                             buffer_6835|        scalar|
|buffer_6836              |   in|    8|     ap_none|                             buffer_6836|        scalar|
|buffer_6837              |   in|    8|     ap_none|                             buffer_6837|        scalar|
|buffer_6838              |   in|    8|     ap_none|                             buffer_6838|        scalar|
|buffer_6839              |   in|    8|     ap_none|                             buffer_6839|        scalar|
|buffer_6840              |   in|    8|     ap_none|                             buffer_6840|        scalar|
|buffer_6841              |   in|    8|     ap_none|                             buffer_6841|        scalar|
|buffer_6842              |   in|    8|     ap_none|                             buffer_6842|        scalar|
|buffer_6843              |   in|    8|     ap_none|                             buffer_6843|        scalar|
|buffer_6844              |   in|    8|     ap_none|                             buffer_6844|        scalar|
|buffer_6845              |   in|    8|     ap_none|                             buffer_6845|        scalar|
|buffer_6846              |   in|    8|     ap_none|                             buffer_6846|        scalar|
|buffer_6847              |   in|    8|     ap_none|                             buffer_6847|        scalar|
|buffer_6848              |   in|    8|     ap_none|                             buffer_6848|        scalar|
|buffer_6849              |   in|    8|     ap_none|                             buffer_6849|        scalar|
|buffer_6850              |   in|    8|     ap_none|                             buffer_6850|        scalar|
|buffer_6851              |   in|    8|     ap_none|                             buffer_6851|        scalar|
|buffer_6852              |   in|    8|     ap_none|                             buffer_6852|        scalar|
|buffer_6853              |   in|    8|     ap_none|                             buffer_6853|        scalar|
|buffer_6854              |   in|    8|     ap_none|                             buffer_6854|        scalar|
|buffer_6855              |   in|    8|     ap_none|                             buffer_6855|        scalar|
|buffer_6856              |   in|    8|     ap_none|                             buffer_6856|        scalar|
|buffer_6857              |   in|    8|     ap_none|                             buffer_6857|        scalar|
|buffer_6858              |   in|    8|     ap_none|                             buffer_6858|        scalar|
|buffer_6859              |   in|    8|     ap_none|                             buffer_6859|        scalar|
|buffer_6860              |   in|    8|     ap_none|                             buffer_6860|        scalar|
|buffer_6861              |   in|    8|     ap_none|                             buffer_6861|        scalar|
|buffer_6862              |   in|    8|     ap_none|                             buffer_6862|        scalar|
|buffer_6863              |   in|    8|     ap_none|                             buffer_6863|        scalar|
|buffer_6864              |   in|    8|     ap_none|                             buffer_6864|        scalar|
|buffer_6865              |   in|    8|     ap_none|                             buffer_6865|        scalar|
|buffer_6866              |   in|    8|     ap_none|                             buffer_6866|        scalar|
|buffer_6867              |   in|    8|     ap_none|                             buffer_6867|        scalar|
|buffer_6868              |   in|    8|     ap_none|                             buffer_6868|        scalar|
|buffer_6869              |   in|    8|     ap_none|                             buffer_6869|        scalar|
|buffer_6870              |   in|    8|     ap_none|                             buffer_6870|        scalar|
|buffer_6871              |   in|    8|     ap_none|                             buffer_6871|        scalar|
|buffer_6872              |   in|    8|     ap_none|                             buffer_6872|        scalar|
|buffer_6873              |   in|    8|     ap_none|                             buffer_6873|        scalar|
|buffer_6874              |   in|    8|     ap_none|                             buffer_6874|        scalar|
|buffer_6875              |   in|    8|     ap_none|                             buffer_6875|        scalar|
|buffer_6876              |   in|    8|     ap_none|                             buffer_6876|        scalar|
|buffer_6877              |   in|    8|     ap_none|                             buffer_6877|        scalar|
|buffer_6878              |   in|    8|     ap_none|                             buffer_6878|        scalar|
|buffer_6879              |   in|    8|     ap_none|                             buffer_6879|        scalar|
|buffer_6880              |   in|    8|     ap_none|                             buffer_6880|        scalar|
|buffer_6881              |   in|    8|     ap_none|                             buffer_6881|        scalar|
|buffer_6882              |   in|    8|     ap_none|                             buffer_6882|        scalar|
|buffer_6883              |   in|    8|     ap_none|                             buffer_6883|        scalar|
|buffer_6884              |   in|    8|     ap_none|                             buffer_6884|        scalar|
|buffer_6885              |   in|    8|     ap_none|                             buffer_6885|        scalar|
|buffer_6886              |   in|    8|     ap_none|                             buffer_6886|        scalar|
|buffer_6887              |   in|    8|     ap_none|                             buffer_6887|        scalar|
|buffer_6888              |   in|    8|     ap_none|                             buffer_6888|        scalar|
|buffer_6889              |   in|    8|     ap_none|                             buffer_6889|        scalar|
|buffer_6890              |   in|    8|     ap_none|                             buffer_6890|        scalar|
|buffer_6891              |   in|    8|     ap_none|                             buffer_6891|        scalar|
|buffer_6892              |   in|    8|     ap_none|                             buffer_6892|        scalar|
|buffer_6893              |   in|    8|     ap_none|                             buffer_6893|        scalar|
|buffer_6894              |   in|    8|     ap_none|                             buffer_6894|        scalar|
|buffer_6895              |   in|    8|     ap_none|                             buffer_6895|        scalar|
|buffer_6896              |   in|    8|     ap_none|                             buffer_6896|        scalar|
|buffer_6897              |   in|    8|     ap_none|                             buffer_6897|        scalar|
|buffer_6898              |   in|    8|     ap_none|                             buffer_6898|        scalar|
|buffer_6899              |   in|    8|     ap_none|                             buffer_6899|        scalar|
|buffer_6900              |   in|    8|     ap_none|                             buffer_6900|        scalar|
|buffer_6901              |   in|    8|     ap_none|                             buffer_6901|        scalar|
|buffer_6902              |   in|    8|     ap_none|                             buffer_6902|        scalar|
|buffer_6903              |   in|    8|     ap_none|                             buffer_6903|        scalar|
|buffer_6904              |   in|    8|     ap_none|                             buffer_6904|        scalar|
|buffer_6905              |   in|    8|     ap_none|                             buffer_6905|        scalar|
|buffer_6906              |   in|    8|     ap_none|                             buffer_6906|        scalar|
|buffer_6907              |   in|    8|     ap_none|                             buffer_6907|        scalar|
|buffer_6908              |   in|    8|     ap_none|                             buffer_6908|        scalar|
|buffer_6909              |   in|    8|     ap_none|                             buffer_6909|        scalar|
|buffer_6910              |   in|    8|     ap_none|                             buffer_6910|        scalar|
|buffer_6911              |   in|    8|     ap_none|                             buffer_6911|        scalar|
|buffer_6912              |   in|    8|     ap_none|                             buffer_6912|        scalar|
|buffer_6913              |   in|    8|     ap_none|                             buffer_6913|        scalar|
|buffer_6914              |   in|    8|     ap_none|                             buffer_6914|        scalar|
|buffer_6915              |   in|    8|     ap_none|                             buffer_6915|        scalar|
|buffer_6916              |   in|    8|     ap_none|                             buffer_6916|        scalar|
|buffer_6917              |   in|    8|     ap_none|                             buffer_6917|        scalar|
|buffer_6918              |   in|    8|     ap_none|                             buffer_6918|        scalar|
|buffer_6919              |   in|    8|     ap_none|                             buffer_6919|        scalar|
|buffer_6920              |   in|    8|     ap_none|                             buffer_6920|        scalar|
|buffer_6921              |   in|    8|     ap_none|                             buffer_6921|        scalar|
|buffer_6922              |   in|    8|     ap_none|                             buffer_6922|        scalar|
|buffer_6923              |   in|    8|     ap_none|                             buffer_6923|        scalar|
|buffer_6924              |   in|    8|     ap_none|                             buffer_6924|        scalar|
|buffer_6925              |   in|    8|     ap_none|                             buffer_6925|        scalar|
|buffer_6926              |   in|    8|     ap_none|                             buffer_6926|        scalar|
|buffer_6927              |   in|    8|     ap_none|                             buffer_6927|        scalar|
|buffer_6928              |   in|    8|     ap_none|                             buffer_6928|        scalar|
|buffer_6929              |   in|    8|     ap_none|                             buffer_6929|        scalar|
|buffer_6930              |   in|    8|     ap_none|                             buffer_6930|        scalar|
|buffer_6931              |   in|    8|     ap_none|                             buffer_6931|        scalar|
|buffer_6932              |   in|    8|     ap_none|                             buffer_6932|        scalar|
|buffer_6933              |   in|    8|     ap_none|                             buffer_6933|        scalar|
|buffer_6934              |   in|    8|     ap_none|                             buffer_6934|        scalar|
|buffer_6935              |   in|    8|     ap_none|                             buffer_6935|        scalar|
|buffer_6936              |   in|    8|     ap_none|                             buffer_6936|        scalar|
|buffer_6937              |   in|    8|     ap_none|                             buffer_6937|        scalar|
|buffer_6938              |   in|    8|     ap_none|                             buffer_6938|        scalar|
|buffer_6939              |   in|    8|     ap_none|                             buffer_6939|        scalar|
|buffer_6940              |   in|    8|     ap_none|                             buffer_6940|        scalar|
|buffer_6941              |   in|    8|     ap_none|                             buffer_6941|        scalar|
|buffer_6942              |   in|    8|     ap_none|                             buffer_6942|        scalar|
|buffer_6943              |   in|    8|     ap_none|                             buffer_6943|        scalar|
|buffer_6944              |   in|    8|     ap_none|                             buffer_6944|        scalar|
|buffer_6945              |   in|    8|     ap_none|                             buffer_6945|        scalar|
|buffer_6946              |   in|    8|     ap_none|                             buffer_6946|        scalar|
|buffer_6947              |   in|    8|     ap_none|                             buffer_6947|        scalar|
|buffer_6948              |   in|    8|     ap_none|                             buffer_6948|        scalar|
|buffer_6949              |   in|    8|     ap_none|                             buffer_6949|        scalar|
|buffer_6950              |   in|    8|     ap_none|                             buffer_6950|        scalar|
|buffer_6951              |   in|    8|     ap_none|                             buffer_6951|        scalar|
|buffer_6952              |   in|    8|     ap_none|                             buffer_6952|        scalar|
|buffer_6953              |   in|    8|     ap_none|                             buffer_6953|        scalar|
|buffer_6954              |   in|    8|     ap_none|                             buffer_6954|        scalar|
|buffer_6955              |   in|    8|     ap_none|                             buffer_6955|        scalar|
|buffer_6956              |   in|    8|     ap_none|                             buffer_6956|        scalar|
|buffer_6957              |   in|    8|     ap_none|                             buffer_6957|        scalar|
|buffer_6958              |   in|    8|     ap_none|                             buffer_6958|        scalar|
|buffer_6959              |   in|    8|     ap_none|                             buffer_6959|        scalar|
|buffer_6960              |   in|    8|     ap_none|                             buffer_6960|        scalar|
|buffer_6961              |   in|    8|     ap_none|                             buffer_6961|        scalar|
|buffer_6962              |   in|    8|     ap_none|                             buffer_6962|        scalar|
|buffer_6963              |   in|    8|     ap_none|                             buffer_6963|        scalar|
|buffer_6964              |   in|    8|     ap_none|                             buffer_6964|        scalar|
|buffer_6965              |   in|    8|     ap_none|                             buffer_6965|        scalar|
|buffer_6966              |   in|    8|     ap_none|                             buffer_6966|        scalar|
|buffer_6967              |   in|    8|     ap_none|                             buffer_6967|        scalar|
|buffer_6968              |   in|    8|     ap_none|                             buffer_6968|        scalar|
|buffer_6969              |   in|    8|     ap_none|                             buffer_6969|        scalar|
|buffer_6970              |   in|    8|     ap_none|                             buffer_6970|        scalar|
|buffer_6971              |   in|    8|     ap_none|                             buffer_6971|        scalar|
|buffer_6972              |   in|    8|     ap_none|                             buffer_6972|        scalar|
|buffer_6973              |   in|    8|     ap_none|                             buffer_6973|        scalar|
|buffer_6974              |   in|    8|     ap_none|                             buffer_6974|        scalar|
|buffer_6975              |   in|    8|     ap_none|                             buffer_6975|        scalar|
|buffer_6976              |   in|    8|     ap_none|                             buffer_6976|        scalar|
|buffer_6977              |   in|    8|     ap_none|                             buffer_6977|        scalar|
|buffer_6978              |   in|    8|     ap_none|                             buffer_6978|        scalar|
|buffer_6979              |   in|    8|     ap_none|                             buffer_6979|        scalar|
|buffer_6980              |   in|    8|     ap_none|                             buffer_6980|        scalar|
|buffer_6981              |   in|    8|     ap_none|                             buffer_6981|        scalar|
|buffer_6982              |   in|    8|     ap_none|                             buffer_6982|        scalar|
|buffer_6983              |   in|    8|     ap_none|                             buffer_6983|        scalar|
|buffer_6984              |   in|    8|     ap_none|                             buffer_6984|        scalar|
|buffer_6985              |   in|    8|     ap_none|                             buffer_6985|        scalar|
|buffer_6986              |   in|    8|     ap_none|                             buffer_6986|        scalar|
|buffer_6987              |   in|    8|     ap_none|                             buffer_6987|        scalar|
|buffer_6988              |   in|    8|     ap_none|                             buffer_6988|        scalar|
|buffer_6989              |   in|    8|     ap_none|                             buffer_6989|        scalar|
|buffer_6990              |   in|    8|     ap_none|                             buffer_6990|        scalar|
|buffer_6991              |   in|    8|     ap_none|                             buffer_6991|        scalar|
|buffer_6992              |   in|    8|     ap_none|                             buffer_6992|        scalar|
|buffer_6993              |   in|    8|     ap_none|                             buffer_6993|        scalar|
|buffer_6994              |   in|    8|     ap_none|                             buffer_6994|        scalar|
|buffer_6995              |   in|    8|     ap_none|                             buffer_6995|        scalar|
|buffer_6996              |   in|    8|     ap_none|                             buffer_6996|        scalar|
|buffer_6997              |   in|    8|     ap_none|                             buffer_6997|        scalar|
|buffer_6998              |   in|    8|     ap_none|                             buffer_6998|        scalar|
|buffer_6999              |   in|    8|     ap_none|                             buffer_6999|        scalar|
|buffer_7000              |   in|    8|     ap_none|                             buffer_7000|        scalar|
|buffer_7001              |   in|    8|     ap_none|                             buffer_7001|        scalar|
|buffer_7002              |   in|    8|     ap_none|                             buffer_7002|        scalar|
|buffer_7003              |   in|    8|     ap_none|                             buffer_7003|        scalar|
|buffer_7004              |   in|    8|     ap_none|                             buffer_7004|        scalar|
|buffer_7005              |   in|    8|     ap_none|                             buffer_7005|        scalar|
|buffer_7006              |   in|    8|     ap_none|                             buffer_7006|        scalar|
|buffer_7007              |   in|    8|     ap_none|                             buffer_7007|        scalar|
|buffer_7008              |   in|    8|     ap_none|                             buffer_7008|        scalar|
|buffer_7009              |   in|    8|     ap_none|                             buffer_7009|        scalar|
|buffer_7010              |   in|    8|     ap_none|                             buffer_7010|        scalar|
|buffer_7011              |   in|    8|     ap_none|                             buffer_7011|        scalar|
|buffer_7012              |   in|    8|     ap_none|                             buffer_7012|        scalar|
|buffer_7013              |   in|    8|     ap_none|                             buffer_7013|        scalar|
|buffer_7014              |   in|    8|     ap_none|                             buffer_7014|        scalar|
|buffer_7015              |   in|    8|     ap_none|                             buffer_7015|        scalar|
|buffer_7016              |   in|    8|     ap_none|                             buffer_7016|        scalar|
|buffer_7017              |   in|    8|     ap_none|                             buffer_7017|        scalar|
|buffer_7018              |   in|    8|     ap_none|                             buffer_7018|        scalar|
|buffer_7019              |   in|    8|     ap_none|                             buffer_7019|        scalar|
|buffer_7020              |   in|    8|     ap_none|                             buffer_7020|        scalar|
|buffer_7021              |   in|    8|     ap_none|                             buffer_7021|        scalar|
|buffer_7022              |   in|    8|     ap_none|                             buffer_7022|        scalar|
|buffer_7023              |   in|    8|     ap_none|                             buffer_7023|        scalar|
|buffer_7024              |   in|    8|     ap_none|                             buffer_7024|        scalar|
|buffer_7025              |   in|    8|     ap_none|                             buffer_7025|        scalar|
|buffer_7026              |   in|    8|     ap_none|                             buffer_7026|        scalar|
|buffer_7027              |   in|    8|     ap_none|                             buffer_7027|        scalar|
|buffer_7028              |   in|    8|     ap_none|                             buffer_7028|        scalar|
|buffer_7029              |   in|    8|     ap_none|                             buffer_7029|        scalar|
|buffer_7030              |   in|    8|     ap_none|                             buffer_7030|        scalar|
|buffer_7031              |   in|    8|     ap_none|                             buffer_7031|        scalar|
|buffer_7032              |   in|    8|     ap_none|                             buffer_7032|        scalar|
|buffer_7033              |   in|    8|     ap_none|                             buffer_7033|        scalar|
|buffer_7034              |   in|    8|     ap_none|                             buffer_7034|        scalar|
|buffer_7035              |   in|    8|     ap_none|                             buffer_7035|        scalar|
|buffer_7036              |   in|    8|     ap_none|                             buffer_7036|        scalar|
|buffer_7037              |   in|    8|     ap_none|                             buffer_7037|        scalar|
|buffer_7038              |   in|    8|     ap_none|                             buffer_7038|        scalar|
|buffer_7039              |   in|    8|     ap_none|                             buffer_7039|        scalar|
|buffer_7040              |   in|    8|     ap_none|                             buffer_7040|        scalar|
|buffer_7041              |   in|    8|     ap_none|                             buffer_7041|        scalar|
|buffer_7042              |   in|    8|     ap_none|                             buffer_7042|        scalar|
|buffer_7043              |   in|    8|     ap_none|                             buffer_7043|        scalar|
|buffer_7044              |   in|    8|     ap_none|                             buffer_7044|        scalar|
|buffer_7045              |   in|    8|     ap_none|                             buffer_7045|        scalar|
|buffer_7046              |   in|    8|     ap_none|                             buffer_7046|        scalar|
|buffer_7047              |   in|    8|     ap_none|                             buffer_7047|        scalar|
|buffer_7048              |   in|    8|     ap_none|                             buffer_7048|        scalar|
|buffer_7049              |   in|    8|     ap_none|                             buffer_7049|        scalar|
|buffer_7050              |   in|    8|     ap_none|                             buffer_7050|        scalar|
|buffer_7051              |   in|    8|     ap_none|                             buffer_7051|        scalar|
|buffer_7052              |   in|    8|     ap_none|                             buffer_7052|        scalar|
|buffer_7053              |   in|    8|     ap_none|                             buffer_7053|        scalar|
|buffer_7054              |   in|    8|     ap_none|                             buffer_7054|        scalar|
|buffer_7055              |   in|    8|     ap_none|                             buffer_7055|        scalar|
|buffer_7056              |   in|    8|     ap_none|                             buffer_7056|        scalar|
|buffer_7057              |   in|    8|     ap_none|                             buffer_7057|        scalar|
|buffer_7058              |   in|    8|     ap_none|                             buffer_7058|        scalar|
|buffer_7059              |   in|    8|     ap_none|                             buffer_7059|        scalar|
|buffer_7060              |   in|    8|     ap_none|                             buffer_7060|        scalar|
|buffer_7061              |   in|    8|     ap_none|                             buffer_7061|        scalar|
|buffer_7062              |   in|    8|     ap_none|                             buffer_7062|        scalar|
|buffer_7063              |   in|    8|     ap_none|                             buffer_7063|        scalar|
|buffer_7064              |   in|    8|     ap_none|                             buffer_7064|        scalar|
|buffer_7065              |   in|    8|     ap_none|                             buffer_7065|        scalar|
|buffer_7066              |   in|    8|     ap_none|                             buffer_7066|        scalar|
|buffer_7067              |   in|    8|     ap_none|                             buffer_7067|        scalar|
|buffer_7068              |   in|    8|     ap_none|                             buffer_7068|        scalar|
|buffer_7069              |   in|    8|     ap_none|                             buffer_7069|        scalar|
|buffer_7070              |   in|    8|     ap_none|                             buffer_7070|        scalar|
|buffer_7071              |   in|    8|     ap_none|                             buffer_7071|        scalar|
|buffer_7072              |   in|    8|     ap_none|                             buffer_7072|        scalar|
|buffer_7073              |   in|    8|     ap_none|                             buffer_7073|        scalar|
|buffer_7074              |   in|    8|     ap_none|                             buffer_7074|        scalar|
|buffer_7075              |   in|    8|     ap_none|                             buffer_7075|        scalar|
|buffer_7076              |   in|    8|     ap_none|                             buffer_7076|        scalar|
|buffer_7077              |   in|    8|     ap_none|                             buffer_7077|        scalar|
|buffer_7078              |   in|    8|     ap_none|                             buffer_7078|        scalar|
|buffer_7079              |   in|    8|     ap_none|                             buffer_7079|        scalar|
|buffer_7080              |   in|    8|     ap_none|                             buffer_7080|        scalar|
|buffer_7081              |   in|    8|     ap_none|                             buffer_7081|        scalar|
|buffer_7082              |   in|    8|     ap_none|                             buffer_7082|        scalar|
|buffer_7083              |   in|    8|     ap_none|                             buffer_7083|        scalar|
|buffer_7084              |   in|    8|     ap_none|                             buffer_7084|        scalar|
|buffer_7085              |   in|    8|     ap_none|                             buffer_7085|        scalar|
|buffer_7086              |   in|    8|     ap_none|                             buffer_7086|        scalar|
|buffer_7087              |   in|    8|     ap_none|                             buffer_7087|        scalar|
|buffer_7088              |   in|    8|     ap_none|                             buffer_7088|        scalar|
|buffer_7089              |   in|    8|     ap_none|                             buffer_7089|        scalar|
|buffer_7090              |   in|    8|     ap_none|                             buffer_7090|        scalar|
|buffer_7091              |   in|    8|     ap_none|                             buffer_7091|        scalar|
|buffer_7092              |   in|    8|     ap_none|                             buffer_7092|        scalar|
|buffer_7093              |   in|    8|     ap_none|                             buffer_7093|        scalar|
|buffer_7094              |   in|    8|     ap_none|                             buffer_7094|        scalar|
|buffer_7095              |   in|    8|     ap_none|                             buffer_7095|        scalar|
|buffer_7096              |   in|    8|     ap_none|                             buffer_7096|        scalar|
|buffer_7097              |   in|    8|     ap_none|                             buffer_7097|        scalar|
|buffer_7098              |   in|    8|     ap_none|                             buffer_7098|        scalar|
|buffer_7099              |   in|    8|     ap_none|                             buffer_7099|        scalar|
|buffer_7100              |   in|    8|     ap_none|                             buffer_7100|        scalar|
|buffer_7101              |   in|    8|     ap_none|                             buffer_7101|        scalar|
|buffer_7102              |   in|    8|     ap_none|                             buffer_7102|        scalar|
|buffer_7103              |   in|    8|     ap_none|                             buffer_7103|        scalar|
|buffer_7104              |   in|    8|     ap_none|                             buffer_7104|        scalar|
|buffer_7105              |   in|    8|     ap_none|                             buffer_7105|        scalar|
|buffer_7106              |   in|    8|     ap_none|                             buffer_7106|        scalar|
|buffer_7107              |   in|    8|     ap_none|                             buffer_7107|        scalar|
|buffer_7108              |   in|    8|     ap_none|                             buffer_7108|        scalar|
|buffer_7109              |   in|    8|     ap_none|                             buffer_7109|        scalar|
|buffer_7110              |   in|    8|     ap_none|                             buffer_7110|        scalar|
|buffer_7111              |   in|    8|     ap_none|                             buffer_7111|        scalar|
|buffer_7112              |   in|    8|     ap_none|                             buffer_7112|        scalar|
|buffer_7113              |   in|    8|     ap_none|                             buffer_7113|        scalar|
|buffer_7114              |   in|    8|     ap_none|                             buffer_7114|        scalar|
|buffer_7115              |   in|    8|     ap_none|                             buffer_7115|        scalar|
|buffer_7116              |   in|    8|     ap_none|                             buffer_7116|        scalar|
|buffer_7117              |   in|    8|     ap_none|                             buffer_7117|        scalar|
|buffer_7118              |   in|    8|     ap_none|                             buffer_7118|        scalar|
|buffer_7119              |   in|    8|     ap_none|                             buffer_7119|        scalar|
|buffer_7120              |   in|    8|     ap_none|                             buffer_7120|        scalar|
|buffer_7121              |   in|    8|     ap_none|                             buffer_7121|        scalar|
|buffer_7122              |   in|    8|     ap_none|                             buffer_7122|        scalar|
|buffer_7123              |   in|    8|     ap_none|                             buffer_7123|        scalar|
|buffer_7124              |   in|    8|     ap_none|                             buffer_7124|        scalar|
|buffer_7125              |   in|    8|     ap_none|                             buffer_7125|        scalar|
|buffer_7126              |   in|    8|     ap_none|                             buffer_7126|        scalar|
|buffer_7127              |   in|    8|     ap_none|                             buffer_7127|        scalar|
|buffer_7128              |   in|    8|     ap_none|                             buffer_7128|        scalar|
|buffer_7129              |   in|    8|     ap_none|                             buffer_7129|        scalar|
|buffer_7130              |   in|    8|     ap_none|                             buffer_7130|        scalar|
|buffer_7131              |   in|    8|     ap_none|                             buffer_7131|        scalar|
|buffer_7132              |   in|    8|     ap_none|                             buffer_7132|        scalar|
|buffer_7133              |   in|    8|     ap_none|                             buffer_7133|        scalar|
|buffer_7134              |   in|    8|     ap_none|                             buffer_7134|        scalar|
|buffer_7135              |   in|    8|     ap_none|                             buffer_7135|        scalar|
|buffer_7136              |   in|    8|     ap_none|                             buffer_7136|        scalar|
|buffer_7137              |   in|    8|     ap_none|                             buffer_7137|        scalar|
|buffer_7138              |   in|    8|     ap_none|                             buffer_7138|        scalar|
|buffer_7139              |   in|    8|     ap_none|                             buffer_7139|        scalar|
|buffer_7140              |   in|    8|     ap_none|                             buffer_7140|        scalar|
|buffer_7141              |   in|    8|     ap_none|                             buffer_7141|        scalar|
|buffer_7142              |   in|    8|     ap_none|                             buffer_7142|        scalar|
|buffer_7143              |   in|    8|     ap_none|                             buffer_7143|        scalar|
|buffer_7144              |   in|    8|     ap_none|                             buffer_7144|        scalar|
|buffer_7145              |   in|    8|     ap_none|                             buffer_7145|        scalar|
|buffer_7146              |   in|    8|     ap_none|                             buffer_7146|        scalar|
|buffer_7147              |   in|    8|     ap_none|                             buffer_7147|        scalar|
|buffer_7148              |   in|    8|     ap_none|                             buffer_7148|        scalar|
|buffer_7149              |   in|    8|     ap_none|                             buffer_7149|        scalar|
|buffer_7150              |   in|    8|     ap_none|                             buffer_7150|        scalar|
|buffer_7151              |   in|    8|     ap_none|                             buffer_7151|        scalar|
|buffer_7152              |   in|    8|     ap_none|                             buffer_7152|        scalar|
|buffer_7153              |   in|    8|     ap_none|                             buffer_7153|        scalar|
|buffer_7154              |   in|    8|     ap_none|                             buffer_7154|        scalar|
|buffer_7155              |   in|    8|     ap_none|                             buffer_7155|        scalar|
|buffer_7156              |   in|    8|     ap_none|                             buffer_7156|        scalar|
|buffer_7157              |   in|    8|     ap_none|                             buffer_7157|        scalar|
|buffer_7158              |   in|    8|     ap_none|                             buffer_7158|        scalar|
|buffer_7159              |   in|    8|     ap_none|                             buffer_7159|        scalar|
|buffer_7160              |   in|    8|     ap_none|                             buffer_7160|        scalar|
|buffer_7161              |   in|    8|     ap_none|                             buffer_7161|        scalar|
|buffer_7162              |   in|    8|     ap_none|                             buffer_7162|        scalar|
|buffer_7163              |   in|    8|     ap_none|                             buffer_7163|        scalar|
|buffer_7164              |   in|    8|     ap_none|                             buffer_7164|        scalar|
|buffer_7165              |   in|    8|     ap_none|                             buffer_7165|        scalar|
|buffer_7166              |   in|    8|     ap_none|                             buffer_7166|        scalar|
|buffer_7167              |   in|    8|     ap_none|                             buffer_7167|        scalar|
|buffer_7168              |   in|    8|     ap_none|                             buffer_7168|        scalar|
|buffer_7169              |   in|    8|     ap_none|                             buffer_7169|        scalar|
+-------------------------+-----+-----+------------+----------------------------------------+--------------+

